[    0.000000] Linux version 4.15.0-189-generic (buildd@lcy02-amd64-039) (gcc version 7.5.0 (Ubuntu 7.5.0-3ubuntu1~18.04)) #200-Ubuntu SMP Wed Jun 22 19:53:37 UTC 2022 (Ubuntu 4.15.0-189.200-generic 4.15.18)
[    0.000000] Command line: BOOT_IMAGE=/boot/vmlinuz-4.15.0-189-generic root=LABEL=cloudimg-rootfs ro console=tty1 console=ttyS0
[    0.000000] KERNEL supported cpus:
[    0.000000]   Intel GenuineIntel
[    0.000000]   AMD AuthenticAMD
[    0.000000]   Centaur CentaurHauls
[    0.000000] [Firmware Bug]: TSC doesn't count with P0 frequency!
[    0.000000] x86/fpu: x87 FPU will use FXSAVE
[    0.000000] e820: BIOS-provided physical RAM map:
[    0.000000] BIOS-e820: [mem 0x0000000000000000-0x000000000009fbff] usable
[    0.000000] BIOS-e820: [mem 0x000000000009fc00-0x000000000009ffff] reserved
[    0.000000] BIOS-e820: [mem 0x00000000000f0000-0x00000000000fffff] reserved
[    0.000000] BIOS-e820: [mem 0x0000000000100000-0x00000000dffeffff] usable
[    0.000000] BIOS-e820: [mem 0x00000000dfff0000-0x00000000dfffffff] ACPI data
[    0.000000] BIOS-e820: [mem 0x00000000fec00000-0x00000000fec00fff] reserved
[    0.000000] BIOS-e820: [mem 0x00000000fee00000-0x00000000fee00fff] reserved
[    0.000000] BIOS-e820: [mem 0x00000000fffc0000-0x00000000ffffffff] reserved
[    0.000000] BIOS-e820: [mem 0x0000000100000000-0x000000011fffffff] usable
[    0.000000] NX (Execute Disable) protection: active
[    0.000000] SMBIOS 2.5 present.
[    0.000000] DMI: innotek GmbH VirtualBox/VirtualBox, BIOS VirtualBox 12/01/2006
[    0.000000] Hypervisor detected: KVM
[    0.000000] e820: last_pfn = 0x120000 max_arch_pfn = 0x400000000
[    0.000000] MTRR: Disabled
[    0.000000] x86/PAT: MTRRs disabled, skipping PAT initialization too.
[    0.000000] CPU MTRRs all blank - virtualized system.
[    0.000000] x86/PAT: Configuration [0-7]: WB  WT  UC- UC  WB  WT  UC- UC  
[    0.000000] e820: last_pfn = 0xdfff0 max_arch_pfn = 0x400000000
[    0.000000] found SMP MP-table at [mem 0x0009fff0-0x0009ffff]
[    0.000000] Scanning 1 areas for low memory corruption
[    0.000000] RAMDISK: [mem 0x359c9000-0x36cdbfff]
[    0.000000] ACPI: Early table checksum verification disabled
[    0.000000] ACPI: RSDP 0x00000000000E0000 000024 (v02 VBOX  )
[    0.000000] ACPI: XSDT 0x00000000DFFF0030 00003C (v01 VBOX   VBOXXSDT 00000001 ASL  00000061)
[    0.000000] ACPI: FACP 0x00000000DFFF00F0 0000F4 (v04 VBOX   VBOXFACP 00000001 ASL  00000061)
[    0.000000] ACPI: DSDT 0x00000000DFFF0470 002325 (v02 VBOX   VBOXBIOS 00000002 INTL 20100528)
[    0.000000] ACPI: FACS 0x00000000DFFF0200 000040
[    0.000000] ACPI: FACS 0x00000000DFFF0200 000040
[    0.000000] ACPI: APIC 0x00000000DFFF0240 00005C (v02 VBOX   VBOXAPIC 00000001 ASL  00000061)
[    0.000000] ACPI: SSDT 0x00000000DFFF02A0 0001CC (v01 VBOX   VBOXCPUT 00000002 INTL 20100528)
[    0.000000] ACPI: Reserving FACP table memory at [mem 0xdfff00f0-0xdfff01e3]
[    0.000000] ACPI: Reserving DSDT table memory at [mem 0xdfff0470-0xdfff2794]
[    0.000000] ACPI: Reserving FACS table memory at [mem 0xdfff0200-0xdfff023f]
[    0.000000] ACPI: Reserving FACS table memory at [mem 0xdfff0200-0xdfff023f]
[    0.000000] ACPI: Reserving APIC table memory at [mem 0xdfff0240-0xdfff029b]
[    0.000000] ACPI: Reserving SSDT table memory at [mem 0xdfff02a0-0xdfff046b]
[    0.000000] No NUMA configuration found
[    0.000000] Faking a node at [mem 0x0000000000000000-0x000000011fffffff]
[    0.000000] NODE_DATA(0) allocated [mem 0x11ffd1000-0x11fffbfff]
[    0.000000] kvm-clock: cpu 0, msr 1:1ff50001, primary cpu clock
[    0.000000] kvm-clock: Using msrs 4b564d01 and 4b564d00
[    0.000000] kvm-clock: using sched offset of 4879843563 cycles
[    0.000000] clocksource: kvm-clock: mask: 0xffffffffffffffff max_cycles: 0x1cd42e4dffb, max_idle_ns: 881590591483 ns
[    0.000000] Zone ranges:
[    0.000000]   DMA      [mem 0x0000000000001000-0x0000000000ffffff]
[    0.000000]   DMA32    [mem 0x0000000001000000-0x00000000ffffffff]
[    0.000000]   Normal   [mem 0x0000000100000000-0x000000011fffffff]
[    0.000000]   Device   empty
[    0.000000] Movable zone start for each node
[    0.000000] Early memory node ranges
[    0.000000]   node   0: [mem 0x0000000000001000-0x000000000009efff]
[    0.000000]   node   0: [mem 0x0000000000100000-0x00000000dffeffff]
[    0.000000]   node   0: [mem 0x0000000100000000-0x000000011fffffff]
[    0.000000] Reserved but unavailable: 104 pages
[    0.000000] Initmem setup node 0 [mem 0x0000000000001000-0x000000011fffffff]
[    0.000000] ACPI: PM-Timer IO Port: 0x4008
[    0.000000] IOAPIC[0]: apic_id 2, version 32, address 0xfec00000, GSI 0-23
[    0.000000] ACPI: INT_SRC_OVR (bus 0 bus_irq 0 global_irq 2 dfl dfl)
[    0.000000] ACPI: INT_SRC_OVR (bus 0 bus_irq 9 global_irq 9 low level)
[    0.000000] Using ACPI (MADT) for SMP configuration information
[    0.000000] smpboot: Allowing 2 CPUs, 0 hotplug CPUs
[    0.000000] PM: Registered nosave memory: [mem 0x00000000-0x00000fff]
[    0.000000] PM: Registered nosave memory: [mem 0x0009f000-0x0009ffff]
[    0.000000] PM: Registered nosave memory: [mem 0x000a0000-0x000effff]
[    0.000000] PM: Registered nosave memory: [mem 0x000f0000-0x000fffff]
[    0.000000] PM: Registered nosave memory: [mem 0xdfff0000-0xdfffffff]
[    0.000000] PM: Registered nosave memory: [mem 0xe0000000-0xfebfffff]
[    0.000000] PM: Registered nosave memory: [mem 0xfec00000-0xfec00fff]
[    0.000000] PM: Registered nosave memory: [mem 0xfec01000-0xfedfffff]
[    0.000000] PM: Registered nosave memory: [mem 0xfee00000-0xfee00fff]
[    0.000000] PM: Registered nosave memory: [mem 0xfee01000-0xfffbffff]
[    0.000000] PM: Registered nosave memory: [mem 0xfffc0000-0xffffffff]
[    0.000000] e820: [mem 0xe0000000-0xfebfffff] available for PCI devices
[    0.000000] Booting paravirtualized kernel on KVM
[    0.000000] clocksource: refined-jiffies: mask: 0xffffffff max_cycles: 0xffffffff, max_idle_ns: 7645519600211568 ns
[    0.000000] random: get_random_bytes called from start_kernel+0x99/0x500 with crng_init=0
[    0.000000] setup_percpu: NR_CPUS:8192 nr_cpumask_bits:2 nr_cpu_ids:2 nr_node_ids:1
[    0.000000] percpu: Embedded 50 pages/cpu s167936 r8192 d28672 u1048576
[    0.000000] PV qspinlock hash table entries: 256 (order: 0, 4096 bytes)
[    0.000000] Built 1 zonelists, mobility grouping on.  Total pages: 1032057
[    0.000000] Policy zone: Normal
[    0.000000] Kernel command line: BOOT_IMAGE=/boot/vmlinuz-4.15.0-189-generic root=LABEL=cloudimg-rootfs ro console=tty1 console=ttyS0
[    0.000000] Memory: 4013252K/4193848K available (12300K kernel code, 2484K rwdata, 4324K rodata, 2468K init, 2724K bss, 180596K reserved, 0K cma-reserved)
[    0.000000] SLUB: HWalign=64, Order=0-3, MinObjects=0, CPUs=2, Nodes=1
[    0.000000] ftrace: allocating 39515 entries in 155 pages
[    0.004000] Hierarchical RCU implementation.
[    0.004000] 	RCU restricting CPUs from NR_CPUS=8192 to nr_cpu_ids=2.
[    0.004000] 	Tasks RCU enabled.
[    0.004000] RCU: Adjusting geometry for rcu_fanout_leaf=16, nr_cpu_ids=2
[    0.004000] NR_IRQS: 524544, nr_irqs: 440, preallocated irqs: 16
[    0.004000] Console: colour VGA+ 80x25
[    0.004000] console [tty1] enabled
[    0.004000] console [ttyS0] enabled
[    0.004000] ACPI: Core revision 20170831
[    0.004000] ACPI: 2 ACPI AML tables successfully acquired and loaded
[    0.004000] APIC: Switch to symmetric I/O mode setup
[    0.008000] ..TIMER: vector=0x30 apic1=0 pin1=2 apic2=-1 pin2=-1
[    0.008000] tsc: Detected 2096.058 MHz processor
[    0.008000] Calibrating delay loop (skipped) preset value.. 4192.11 BogoMIPS (lpj=8384232)
[    0.008000] pid_max: default: 32768 minimum: 301
[    0.008000] Security Framework initialized
[    0.008000] Yama: becoming mindful.
[    0.008000] AppArmor: AppArmor initialized
[    0.008000] Dentry cache hash table entries: 524288 (order: 10, 4194304 bytes)
[    0.008000] Inode-cache hash table entries: 262144 (order: 9, 2097152 bytes)
[    0.008000] Mount-cache hash table entries: 8192 (order: 4, 65536 bytes)
[    0.008000] Mountpoint-cache hash table entries: 8192 (order: 4, 65536 bytes)
[    0.009279] Last level iTLB entries: 4KB 1024, 2MB 1024, 4MB 512
[    0.012000] Last level dTLB entries: 4KB 2048, 2MB 2048, 4MB 1024, 1GB 0
[    0.012000] Spectre V1 : Mitigation: usercopy/swapgs barriers and __user pointer sanitization
[    0.012000] Spectre V2 : Mitigation: Retpolines
[    0.012000] Spectre V2 : Spectre v2 / SpectreRSB mitigation: Filling RSB on context switch
[    0.012000] Speculative Store Bypass: Mitigation: Speculative Store Bypass disabled via prctl and seccomp
[    0.012000] Freeing SMP alternatives memory: 36K
[    0.122661] smpboot: CPU0: AMD Ryzen 5 5500U with Radeon Graphics (family: 0x17, model: 0x68, stepping: 0x1)
[    0.124000] Performance Events: PMU not available due to virtualization, using software events only.
[    0.128000] Hierarchical SRCU implementation.
[    0.128000] NMI watchdog: Perf event create on CPU 0 failed with -2
[    0.128000] NMI watchdog: Perf NMI watchdog permanently disabled
[    0.128000] smp: Bringing up secondary CPUs ...
[    0.128000] x86: Booting SMP configuration:
[    0.128000] .... node  #0, CPUs:      #1
[    0.004000] kvm-clock: cpu 1, msr 1:1ff50041, secondary cpu clock
[    0.132197] smp: Brought up 1 node, 2 CPUs
[    0.136000] smpboot: Max logical packages: 1
[    0.136000] smpboot: Total of 2 processors activated (8384.23 BogoMIPS)
[    0.136215] devtmpfs: initialized
[    0.140000] x86/mm: Memory block size: 128MB
[    0.140000] evm: security.selinux
[    0.140000] evm: security.SMACK64
[    0.140000] evm: security.SMACK64EXEC
[    0.140000] evm: security.SMACK64TRANSMUTE
[    0.140000] evm: security.SMACK64MMAP
[    0.140000] evm: security.apparmor
[    0.140000] evm: security.ima
[    0.140000] evm: security.capability
[    0.204558] clocksource: jiffies: mask: 0xffffffff max_cycles: 0xffffffff, max_idle_ns: 7645041785100000 ns
[    0.208000] futex hash table entries: 512 (order: 3, 32768 bytes)
[    0.208000] pinctrl core: initialized pinctrl subsystem
[    0.208000] RTC time: 16:30:36, date: 08/12/22
[    0.208000] NET: Registered protocol family 16
[    0.208000] audit: initializing netlink subsys (disabled)
[    0.272180] audit: type=2000 audit(1660321841.736:1): state=initialized audit_enabled=0 res=1
[    0.284208] cpuidle: using governor ladder
[    0.288336] cpuidle: using governor menu
[    0.297878] ACPI: bus type PCI registered
[    0.300000] acpiphp: ACPI Hot Plug PCI Controller Driver version: 0.5
[    0.300000] PCI: Using configuration type 1 for base access
[    0.300000] PCI: Using configuration type 1 for extended access
[    0.304520] HugeTLB registered 2.00 MiB page size, pre-allocated 0 pages
[    0.312760] ACPI: Added _OSI(Module Device)
[    0.316000] ACPI: Added _OSI(Processor Device)
[    0.316000] ACPI: Added _OSI(3.0 _SCP Extensions)
[    0.316000] ACPI: Added _OSI(Processor Aggregator Device)
[    0.316000] ACPI: Added _OSI(Linux-Dell-Video)
[    0.316000] ACPI: Added _OSI(Linux-Lenovo-NV-HDMI-Audio)
[    0.316000] ACPI: Added _OSI(Linux-HPI-Hybrid-Graphics)
[    0.372045] ACPI: Executed 1 blocks of module-level executable AML code
[    0.388000] ACPI: Interpreter enabled
[    0.388000] ACPI: (supports S0 S5)
[    0.388000] ACPI: Using IOAPIC for interrupt routing
[    0.408613] PCI: Using host bridge windows from ACPI; if necessary, use "pci=nocrs" and report a bug
[    0.412000] ACPI: Enabled 2 GPEs in block 00 to 07
[    0.451635] ACPI: PCI Root Bridge [PCI0] (domain 0000 [bus 00-ff])
[    0.452000] acpi PNP0A03:00: _OSC: OS supports [ExtendedConfig ASPM ClockPM Segments MSI]
[    0.474118] acpi PNP0A03:00: _OSC: platform does not support [PCIeCapability]
[    0.484983] acpi PNP0A03:00: _OSC: not requesting control; platform does not support [PCIeCapability]
[    0.488000] acpi PNP0A03:00: _OSC: OS requested [PCIeHotplug PME AER PCIeCapability]
[    0.488000] acpi PNP0A03:00: _OSC: platform willing to grant [PCIeHotplug PME AER]
[    0.488000] acpi PNP0A03:00: _OSC failed (AE_SUPPORT); disabling ASPM
[    0.533579] PCI host bridge to bus 0000:00
[    0.536000] pci_bus 0000:00: root bus resource [io  0x0000-0x0cf7 window]
[    0.536000] pci_bus 0000:00: root bus resource [io  0x0d00-0xffff window]
[    0.536000] pci_bus 0000:00: root bus resource [mem 0x000a0000-0x000bffff window]
[    0.536000] pci_bus 0000:00: root bus resource [mem 0xe0000000-0xfdffffff window]
[    0.536000] pci_bus 0000:00: root bus resource [bus 00-ff]
[    0.607893] pci 0000:00:01.1: legacy IDE quirk: reg 0x10: [io  0x01f0-0x01f7]
[    0.608000] pci 0000:00:01.1: legacy IDE quirk: reg 0x14: [io  0x03f6]
[    0.608000] pci 0000:00:01.1: legacy IDE quirk: reg 0x18: [io  0x0170-0x0177]
[    0.608000] pci 0000:00:01.1: legacy IDE quirk: reg 0x1c: [io  0x0376]
[    0.683698] pci 0000:00:07.0: quirk: [io  0x4000-0x403f] claimed by PIIX4 ACPI
[    0.684000] pci 0000:00:07.0: quirk: [io  0x4100-0x410f] claimed by PIIX4 SMB
[    0.718798] ACPI: PCI Interrupt Link [LNKA] (IRQs 5 9 10 *11)
[    0.728581] ACPI: PCI Interrupt Link [LNKB] (IRQs 5 9 *10 11)
[    0.732000] ACPI: PCI Interrupt Link [LNKC] (IRQs 5 *9 10 11)
[    0.732000] ACPI: PCI Interrupt Link [LNKD] (IRQs 5 9 10 *11)
[    0.732000] SCSI subsystem initialized
[    0.772752] pci 0000:00:02.0: vgaarb: setting as boot VGA device
[    0.776000] pci 0000:00:02.0: vgaarb: VGA device added: decodes=io+mem,owns=io+mem,locks=none
[    0.776000] pci 0000:00:02.0: vgaarb: bridge control possible
[    0.776000] vgaarb: loaded
[    0.776000] ACPI: bus type USB registered
[    0.776000] usbcore: registered new interface driver usbfs
[    0.776000] usbcore: registered new interface driver hub
[    0.776000] usbcore: registered new device driver usb
[    0.844427] EDAC MC: Ver: 3.0.0
[    0.848490] PCI: Using ACPI for IRQ routing
[    0.852000] NetLabel: Initializing
[    0.852000] NetLabel:  domain hash size = 128
[    0.852000] NetLabel:  protocols = UNLABELED CIPSOv4 CALIPSO
[    0.852000] NetLabel:  unlabeled traffic allowed by default
[    0.856607] clocksource: Switched to clocksource kvm-clock
[    0.931676] VFS: Disk quotas dquot_6.6.0
[    0.931676] VFS: Dquot-cache hash table entries: 512 (order 0, 4096 bytes)
[    0.931676] AppArmor: AppArmor Filesystem Enabled
[    0.931676] pnp: PnP ACPI init
[    0.967740] pnp: PnP ACPI: found 3 devices
[    1.036497] clocksource: acpi_pm: mask: 0xffffff max_cycles: 0xffffff, max_idle_ns: 2085701024 ns
[    1.040414] NET: Registered protocol family 2
[    1.040414] IP idents hash table entries: 65536 (order: 7, 524288 bytes)
[    1.040414] TCP established hash table entries: 32768 (order: 6, 262144 bytes)
[    1.040414] TCP bind hash table entries: 32768 (order: 7, 524288 bytes)
[    1.040414] TCP: Hash tables configured (established 32768 bind 32768)
[    1.040414] UDP hash table entries: 2048 (order: 4, 65536 bytes)
[    1.119303] UDP-Lite hash table entries: 2048 (order: 4, 65536 bytes)
[    1.122884] NET: Registered protocol family 1
[    1.122884] pci 0000:00:00.0: Limiting direct PCI/PCI transfers
[    1.122884] pci 0000:00:01.0: Activating ISA DMA hang workarounds
[    1.122884] pci 0000:00:02.0: Video device with shadowed ROM at [mem 0x000c0000-0x000dffff]
[    1.122884] Unpacking initramfs...
[    1.261537] Freeing initrd memory: 19532K
[    1.893312] PCI-DMA: Using software bounce buffering for IO (SWIOTLB)
[    1.908335] software IO TLB: mapped [mem 0xdbff0000-0xdfff0000] (64MB)
[    1.916966] clocksource: tsc: mask: 0xffffffffffffffff max_cycles: 0x1e36a4bd495, max_idle_ns: 440795229998 ns
[    1.924383] platform rtc_cmos: registered platform RTC device (no PNP device found)
[    1.932599] Scanning for low memory corruption every 60 seconds
[    1.954577] Initialise system trusted keyrings
[    1.957574] Key type blacklist registered
[    1.968135] workingset: timestamp_bits=36 max_order=20 bucket_order=0
[    1.971915] zbud: loaded
[    1.989368] squashfs: version 4.0 (2009/01/31) Phillip Lougher
[    1.997073] fuse init (API version 7.26)
[    2.052519] Key type asymmetric registered
[    2.056487] Asymmetric key parser 'x509' registered
[    2.056487] Block layer SCSI generic (bsg) driver version 0.4 loaded (major 246)
[    2.078720] io scheduler noop registered
[    2.082291] io scheduler deadline registered
[    2.082291] io scheduler cfq registered (default)
[    2.099673] ACPI: AC Adapter [AC] (on-line)
[    2.102562] input: Power Button as /devices/LNXSYSTM:00/LNXPWRBN:00/input/input0
[    2.117757] ACPI: Power Button [PWRF]
[    2.121415] input: Sleep Button as /devices/LNXSYSTM:00/LNXSLPBN:00/input/input1
[    2.121415] ACPI: Sleep Button [SLPF]
[    2.143603] Serial: 8250/16550 driver, 32 ports, IRQ sharing enabled
[    2.145933] ACPI: Battery Slot [BAT0] (battery present)
[    2.189052] 00:02: ttyS0 at I/O 0x3f8 (irq = 4, base_baud = 115200) is a 16550A
[    2.229567] Linux agpgart interface v0.103
[    2.255649] loop: module loaded
[    2.264807] scsi host0: ata_piix
[    2.271387] scsi host1: ata_piix
[    2.275364] ata1: PATA max UDMA/33 cmd 0x1f0 ctl 0x3f6 bmdma 0xd000 irq 14
[    2.275364] ata2: PATA max UDMA/33 cmd 0x170 ctl 0x376 bmdma 0xd008 irq 15
[    2.275364] tun: Universal TUN/TAP device driver, 1.6
[    2.304028] PPP generic driver version 2.4.2
[    2.311539] ehci_hcd: USB 2.0 'Enhanced' Host Controller (EHCI) Driver
[    2.315450] ehci-pci: EHCI PCI platform driver
[    2.315450] ehci-platform: EHCI generic platform driver
[    2.315450] ohci_hcd: USB 1.1 'Open' Host Controller (OHCI) Driver
[    2.315450] ohci-pci: OHCI PCI platform driver
[    2.315450] ohci-platform: OHCI generic platform driver
[    2.315450] uhci_hcd: USB Universal Host Controller Interface driver
[    2.315450] i8042: PNP: PS/2 Controller [PNP0303:PS2K,PNP0f03:PS2M] at 0x60,0x64 irq 1,12
[    2.384671] serio: i8042 KBD port at 0x60,0x64 irq 1
[    2.385711] serio: i8042 AUX port at 0x60,0x64 irq 12
[    2.400249] mousedev: PS/2 mouse device common for all mice
[    2.411925] rtc_cmos rtc_cmos: rtc core: registered rtc_cmos as rtc0
[    2.415814] rtc_cmos rtc_cmos: alarms up to one day, 114 bytes nvram
[    2.415814] i2c /dev entries driver
[    2.415814] device-mapper: uevent: version 1.0.3
[    2.443451] device-mapper: ioctl: 4.37.0-ioctl (2017-09-20) initialised: dm-devel@redhat.com
[    2.456910] ledtrig-cpu: registered to indicate activity on CPUs
[    2.495374] NET: Registered protocol family 10
[    2.511087] Segment Routing with IPv6
[    2.512268] NET: Registered protocol family 17
[    2.512268] Key type dns_resolver registered
[    2.538100] mce: Using 0 MCE banks
[    2.541421] input: AT Translated Set 2 keyboard as /devices/platform/i8042/serio0/input/input2
[    2.542038] RAS: Correctable Errors collector initialized.
[    2.542038] sched_clock: Marking stable (2538038577, 0)->(4613375742, -2075337165)
[    2.583251] registered taskstats version 1
[    2.589078] Loading compiled-in X.509 certificates
[    2.605249] Loaded X.509 cert 'Build time autogenerated kernel key: 9c4811ffd453f4b0c13447eb15d717d926dfaff5'
[    2.622615] Loaded X.509 cert 'Canonical Ltd. Live Patch Signing: 14df34d1a87cf37625abec039ef2bf521249b969'
[    2.637060] Loaded X.509 cert 'Canonical Ltd. Kernel Module Signing: 88f752e560a1e0737e31163a466ad7b70a850c19'
[    2.653517] blacklist: Loading compiled-in revocation X.509 certificates
[    2.662280] Loaded X.509 cert 'Canonical Ltd. Secure Boot Signing: 61482aa2830d0ab2ad5af10b7250da9033ddcef0'
[    2.675177] zswap: loaded using pool lzo/zbud
[    2.693471] Key type big_key registered
[    2.699388] Key type trusted registered
[    2.709961] Key type encrypted registered
[    2.715672] AppArmor: AppArmor sha1 policy hashing enabled
[    2.723303] ima: No TPM chip found, activating TPM-bypass! (rc=-19)
[    2.730748] ima: Allocated hash algorithm: sha1
[    2.736968] evm: HMAC attrs: 0x1
[    2.743001]   Magic number: 2:90:540
[    2.748530]  node: hash matches
[    2.753776] rtc_cmos rtc_cmos: setting system clock to 2022-08-12 16:30:38 UTC (1660321838)
[    2.765253] BIOS EDD facility v0.16 2004-Jun-25, 0 devices found
[    2.773723] EDD information not available.
[    2.786110] Freeing unused kernel image memory: 2468K
[    2.817318] Write protecting the kernel read-only data: 20480k
[    2.826200] Freeing unused kernel image memory: 2008K
[    2.833347] Freeing unused kernel image memory: 1820K
[    2.849815] x86/mm: Checked W+X mappings: passed, no W+X pages found.
Loading, please wait...
starting version 237
[    3.081581] e1000: Intel(R) PRO/1000 Network Driver - version 7.3.21-k8-NAPI
[    3.093938] e1000: Copyright (c) 1999-2006 Intel Corporation.
[    3.133773] Fusion MPT base driver 3.04.20
[    3.141336] Copyright (c) 1999-2008 LSI Corporation
[    3.188811] Fusion MPT SPI Host driver 3.04.20
[    3.480994] input: ImExPS/2 Generic Explorer Mouse as /devices/platform/i8042/serio1/input/input4
[    3.983558] e1000 0000:00:03.0 eth0: (PCI:33MHz:32-bit) 02:d7:28:fc:8d:bd
[    3.992384] e1000 0000:00:03.0 eth0: Intel(R) PRO/1000 Network Connection
[    4.005833] e1000 0000:00:03.0 enp0s3: renamed from eth0
[    4.013834] mptbase: ioc0: Initiating bringup
[    4.119568] ioc0: LSI53C1030 A0: Capabilities={Initiator}
[    4.383176] scsi host2: ioc0: LSI53C1030 A0, FwRev=00000000h, Ports=1, MaxQ=256, IRQ=20
[    4.562430] scsi 2:0:0:0: Direct-Access     VBOX     HARDDISK         1.0  PQ: 0 ANSI: 5
[    4.605424] scsi target2:0:0: Beginning Domain Validation
[    4.629502] scsi target2:0:0: Domain Validation skipping write tests
[    4.638212] scsi target2:0:0: Ending Domain Validation
[    4.645544] scsi target2:0:0: asynchronous
[    4.654796] scsi 2:0:1:0: Direct-Access     VBOX     HARDDISK         1.0  PQ: 0 ANSI: 5
[    4.916453] scsi target2:0:1: Beginning Domain Validation
[    4.932461] scsi target2:0:1: Domain Validation skipping write tests
[    4.939095] scsi target2:0:1: Ending Domain Validation
[    4.946124] scsi target2:0:1: asynchronous
[    4.946179] random: fast init done
[    4.973619] sd 2:0:0:0: Attached scsi generic sg0 type 0
[    4.973655] random: systemd-udevd: uninitialized urandom read (16 bytes read)
[    4.980086] sd 2:0:1:0: Attached scsi generic sg1 type 0
[    4.988384] random: systemd-udevd: uninitialized urandom read (16 bytes read)
[    5.003046] random: systemd-udevd: uninitialized urandom read (16 bytes read)
[    5.014714] sd 2:0:0:0: [sda] 83886080 512-byte logical blocks: (42.9 GB/40.0 GiB)
[    5.014740] sd 2:0:1:0: [sdb] 20480 512-byte logical blocks: (10.5 MB/10.0 MiB)
[    5.024558] sd 2:0:0:0: [sda] Write Protect is off
[    5.040837] sd 2:0:1:0: [sdb] Write Protect is off
[    5.041140] sd 2:0:0:0: [sda] Incomplete mode parameter data
[    5.053305] sd 2:0:0:0: [sda] Assuming drive cache: write through
[    5.064375] sd 2:0:1:0: [sdb] Incomplete mode parameter data
[    5.067766]  sda: sda1
[    5.072120] sd 2:0:1:0: [sdb] Assuming drive cache: write through
[    5.085135] sd 2:0:0:0: [sda] Attached SCSI disk
[    5.104110] sd 2:0:1:0: [sdb] Attached SCSI disk
Begin: Loading essential drivers ... [    7.496892] raid6: sse2x1   gen()  4510 MB/s
[    7.548071] raid6: sse2x1   xor()  3892 MB/s
[    7.600828] raid6: sse2x2   gen()  8593 MB/s
[    7.652356] raid6: sse2x2   xor()  5629 MB/s
[    7.704085] raid6: sse2x4   gen()  8128 MB/s
[    7.756763] raid6: sse2x4   xor()  4677 MB/s
[    7.763610] raid6: using algorithm sse2x2 gen() 8593 MB/s
[    7.770776] raid6: .... xor() 5629 MB/s, rmw enabled
[    7.778026] raid6: using ssse3x2 recovery algorithm
[    7.787989] xor: measuring software checksum speed
[    7.832987]    prefetch64-sse: 10081.000 MB/sec
[    7.876711]    generic_sse: 10387.000 MB/sec
[    7.881741] xor: using function: generic_sse (10387.000 MB/sec)
[    7.893483] async_tx: api initialized (async)
done.
Begin: Running /scripts/init-premount ... done.
Begin: Mounting root file system ... Begin: Running /scripts/local-top ... done.
Begin: Running /scripts/local-premount ... [    7.996741] Btrfs loaded, crc32c=crc32c-intel
Scanning for Btrfs filesystems
done.
Warning: fsck not present, so skipping root file system
[    8.087296] EXT4-fs (sda1): mounted filesystem with ordered data mode. Opts: (null)
done.
Begin: Running /scripts/local-bottom ... done.
Begin: Running /scripts/init-bottom ... done.
[    8.433127] ip_tables: (C) 2000-2006 Netfilter Core Team
[    8.467883] systemd[1]: systemd 237 running in system mode. (+PAM +AUDIT +SELINUX +IMA +APPARMOR +SMACK +SYSVINIT +UTMP +LIBCRYPTSETUP +GCRYPT +GNUTLS +ACL +XZ +LZ4 +SECCOMP +BLKID +ELFUTILS +KMOD -IDN2 +IDN -PCRE2 default-hierarchy=hybrid)
[    8.493777] systemd[1]: Detected virtualization oracle.
[    8.500234] systemd[1]: Detected architecture x86-64.

Welcome to [1mUbuntu 18.04.6 LTS[0m!

[    8.547826] systemd[1]: Set hostname to <ubuntu>.
[    8.571354] systemd[1]: Initializing machine ID from random generator.
[    8.579602] systemd[1]: Installed transient /etc/machine-id file.
[    9.161730] systemd[1]: Started Forward Password Requests to Wall Directory Watch.
[[0;32m  OK  [0m] Started Forward Password Requests to Wall Directory Watch.
[    9.193842] systemd[1]: Created slice System Slice.
[[0;32m  OK  [0m] Created slice System Slice.
[    9.203198] systemd[1]: Listening on LVM2 poll daemon socket.
[[0;32m  OK  [0m] Listening on LVM2 poll daemon socket.
[    9.213825] systemd[1]: Created slice system-serial\x2dgetty.slice.
[[0;32m  OK  [0m] Created slice system-serial\x2dgetty.slice.
[[0;32m  OK  [0m] Listening on fsck to fsckd communication Socket.
[[0;32m  OK  [0m] Listening on Device-mapper event daemon FIFOs.
[[0;32m  OK  [0m] Listening on Journal Socket.
         Starting Load Kernel Modules...
[[0;32m  OK  [0m] Listening on /dev/initctl Compatibility Named Pipe.
[[0;32m  OK  [0m] Listening on LVM2 metadata daemon socket.
         Starting Uncomplicated firewall...
[[0;32m  OK  [0m] Listening on Journal Socket (/dev/log).
[[0;32m  OK  [0m] Listening on Network Service Netlink Socket.
         Mounting Kernel Debug File System...
         Mounting Huge Pages File System...
[    9.279727] Loading iSCSI transport class v2.0-870.
         Starting Monitoring of LVM2 mirrorsâ€¦ng dmeventd or progress polling...
         Mounting POSIX Message Queue File System...
[[0;32m  OK  [0m] Reached target System Time Synchronized.
[[0;32m  OK  [0m] Created slice User and Session Slice.
[[0;32m  OK  [0m] Listening on udev Kernel Socket.
         Starting Set the console keyboard layout...
[[0;32m  OK  [0m] Set up automount Arbitrary Executabâ€¦rmats File System Automount Point.
[[0;32m  OK  [0m] Reached target User and Group Name Lookups.
[[0;32m  OK  [0m] Listening on Syslog Socket.
[[0;32m  OK  [0m] Listening on Journal Audit Socket.
         Starting Journal Service...
         Starting File System Check on Root Device...
[[0;32m  OK  [0m] Listening on udev Control Socket.
         Starting udev Coldplug all Devices...
[[0;32m  OK  [0m] Reached target Swap.
         Starting Create list of required stâ€¦ce nodes for the current kernel...
[[0;32m  OK  [0m] Reached target Slices.
[[0;32m  OK  [0m] Started Uncomplicated firewall.
[[0;32m  OK  [0m] Mounted Kernel Debug File System.
[[0;32m  OK  [0m] Mounted Huge Pages File System.
[[0;32m  OK  [0m] Mounted POSIX Message Queue File System.
[[0;32m  OK  [0m] Started File System Check Daemon to report status.
[[0;32m  OK  [0m] Started Journal Service.
[[0;32m  OK  [0m] Started Create list of required staâ€¦vice nodes for the current kernel.
         Starting Create Static Device Nodes in /dev...
[[0;32m  OK  [0m] Started LVM2 metadata daemon.
[   10.358568] iscsi: registered transport (tcp)
[[0;32m  OK  [0m] Started udev Coldplug all Devices.
[[0;32m  OK  [0m] Started File System Check on Root Device.
         Starting Remount Root and Kernel File Systems...
[[0;32m  OK  [0m] Started Create Static Device Nodes in /dev.
[   12.170841] EXT4-fs (sda1): re-mounted. Opts: (null)
[[0;32m  OK  [0m] Started Remount Root and Kernel File Systems.
         Starting Load/Save Random Seed...
         Starting udev Kernel Device Manager...
         Starting Flush Journal to Persistent Storage...
[   12.255832] random: crng init done
[   12.260986] random: 7 urandom warning(s) missed due to ratelimiting
[[0;32m  OK  [0m] Started Load/Save Random Seed.
[[0;32m  OK  [0m] Started Monitoring of LVM2 mirrors,â€¦sing dmeventd or progress polling.
[   12.311677] systemd-journald[393]: Received request to flush runtime journal from PID 1
[[0;32m  OK  [0m] Started udev Kernel Device Manager.
[[0;32m  OK  [0m] Started Flush Journal to Persistent Storage.
[   12.966721] iscsi: registered transport (iser)
[   13.028969] ACPI: Video Device [GFX0] (multi-head: yes  rom: no  post: no)
[   13.037801] input: Video Bus as /devices/LNXSYSTM:00/LNXSYBUS:00/PNP0A03:00/LNXVIDEO:00/input/input5
[   13.085147] vgdrvHeartbeatInit: Setting up heartbeat to trigger every 2000 milliseconds
[   13.098245] input: Unspecified device as /devices/pci0000:00/0000:00:04.0/input/input6
[   13.112195] vboxguest: misc device minor 56, IRQ 20, I/O port d020, MMIO at 00000000f0400000 (size 0x400000)
[[0;32m  OK  [0m] Started Load Kernel Modules.
[[0;32m  OK  [0m] Found device /dev/ttyS0.
         Mounting Kernel Configuration File System...
         Starting Apply Kernel Variables...
         Mounting FUSE Control File System...
[[0;32m  OK  [0m] Mounted Kernel Configuration File System.
[[0;32m  OK  [0m] Mounted FUSE Control File System.
[[0;32m  OK  [0m] Started Apply Kernel Variables.
[[0;32m  OK  [0m] Listening on Load/Save RF Kill Switch Status /dev/rfkill Watch.
[[0;32m  OK  [0m] Started Set the console keyboard layout.
[[0;32m  OK  [0m] Reached target Local File Systems (Pre).
[[0;32m  OK  [0m] Reached target Local File Systems.
         Starting Commit a transient machine-id on disk...
         Starting Create Volatile Files and Directories...
         Starting AppArmor initialization...
         Starting Set console font and keymap...
         Starting Tell Plymouth To Write Out Runtime Data...
         Starting ebtables ruleset management...
[[0;32m  OK  [0m] Started Dispatch Password Requests to Console Directory Watch.
[[0;32m  OK  [0m] Reached target Local Encrypted Volumes.
[[0;32m  OK  [0m] Started Create Volatile Files and Directories.
         Starting Update UTMP about System Boot/Shutdown...
[[0;32m  OK  [0m] Started Tell Plymouth To Write Out Runtime Data.
[[0;32m  OK  [0m] Started Update UTMP about System Boot/Shutdown.
[[0;32m  OK  [0m] Started Commit a transient machine-id on disk.
[[0;32m  OK  [0m] Started ebtables ruleset management.
[[0;32m  OK  [0m] Started AppArmor initialization.
         Starting Initial cloud-init job (pre-networking)...
         Starting Load AppArmor profiles managed internally by snapd...
[[0;32m  OK  [0m] Started Load AppArmor profiles managed internally by snapd.
[[0;32m  OK  [0m] Started Set console font and keymap.
[   23.494294] cloud-init[753]: Cloud-init v. 22.2-0ubuntu1~18.04.3 running 'init-local' at Fri, 12 Aug 2022 16:30:58 +0000. Up 22.78 seconds.
[[0;32m  OK  [0m] Started Initial cloud-init job (pre-networking).
[[0;32m  OK  [0m] Reached target Network (Pre).
         Starting Network Service...
[[0;32m  OK  [0m] Started Network Service.
         Starting Network Name Resolution...
         Starting Wait for Network to be Configured...
[[0;32m  OK  [0m] Started Network Name Resolution.
[[0;32m  OK  [0m] Reached target Host and Network Name Lookups.
[[0;32m  OK  [0m] Reached target Network.
[[0;32m  OK  [0m] Started Wait for Network to be Configured.
         Starting Initial cloud-init job (metadata service crawler)...
[   27.827343] cloud-init[893]: Cloud-init v. 22.2-0ubuntu1~18.04.3 running 'init' at Fri, 12 Aug 2022 16:31:03 +0000. Up 27.30 seconds.
[   27.849318] cloud-init[893]: ci-info: ++++++++++++++++++++++++++++++++++++++Net device info++++++++++++++++++++++++++++++++++++++
[   27.864696] cloud-init[893]: ci-info: +--------+------+----------------------------+---------------+--------+-------------------+
[   27.877389] cloud-init[893]: ci-info: | Device |  Up  |          Address           |      Mask     | Scope  |     Hw-Address    |
[   27.889740] cloud-init[893]: ci-info: +--------+------+----------------------------+---------------+--------+-------------------+
[   27.916790] cloud-init[893]: ci-info: | enp0s3 | True |         10.0.2.15          | 255.255.255.0 | global | 02:d7:28:fc:8d:bd |
[   27.942401] cloud-init[893]: ci-info: | enp0s3 | True | fe80::d7:28ff:fefc:8dbd/64 |       .       |  link  | 02:d7:28:fc:8d:bd |
[   27.968341] cloud-init[893]: ci-info: |   lo   | True |         127.0.0.1          |   255.0.0.0   |  host  |         .         |
[   27.992906] cloud-init[893]: ci-info: |   lo   | True |          ::1/128           |       .       |  host  |         .         |
[   28.013782] cloud-init[893]: ci-info: +--------+------+----------------------------+---------------+--------+-------------------+
[   28.033630] cloud-init[893]: ci-info: ++++++++++++++++++++++++++++Route IPv4 info+++++++++++++++++++++++++++++
[   28.055261] cloud-init[893]: ci-info: +-------+-------------+----------+-----------------+-----------+-------+
[   28.077967] cloud-init[893]: ci-info: | Route | Destination | Gateway  |     Genmask     | Interface | Flags |
[   28.090599] cloud-init[893]: ci-info: +-------+-------------+----------+-----------------+-----------+-------+
[   28.111543] cloud-init[893]: ci-info: |   0   |   0.0.0.0   | 10.0.2.2 |     0.0.0.0     |   enp0s3  |   UG  |
[   28.162965] cloud-init[893]: ci-info: |   1   |   10.0.2.0  | 0.0.0.0  |  255.255.255.0  |   enp0s3  |   U   |
[   28.183408] cloud-init[893]: ci-info: |   2   |   10.0.2.2  | 0.0.0.0  | 255.255.255.255 |   enp0s3  |   UH  |
[   28.195382] cloud-init[893]: ci-info: +-------+-------------+----------+-----------------+-----------+-------+
[   28.208562] cloud-init[893]: ci-info: +++++++++++++++++++Route IPv6 info+++++++++++++++++++
[   28.218133] cloud-init[893]: ci-info: +-------+-------------+---------+-----------+-------+
[   28.230093] cloud-init[893]: ci-info: | Route | Destination | Gateway | Interface | Flags |
[   28.250108] cloud-init[893]: ci-info: +-------+-------------+---------+-----------+-------+
[   28.259257] cloud-init[893]: ci-info: |   1   |  fe80::/64  |    ::   |   enp0s3  |   U   |
[   28.272836] cloud-init[893]: ci-info: |   3   |    local    |    ::   |   enp0s3  |   U   |
[   28.285012] cloud-init[893]: ci-info: |   4   |   ff00::/8  |    ::   |   enp0s3  |   U   |
[   28.294826] cloud-init[893]: ci-info: +-------+-------------+---------+-----------+-------+
[   31.172961] cloud-init[893]: Generating public/private rsa key pair.
[   31.180897] cloud-init[893]: Your identification has been saved in /etc/ssh/ssh_host_rsa_key.
[   31.191273] cloud-init[893]: Your public key has been saved in /etc/ssh/ssh_host_rsa_key.pub.
[   31.201670] cloud-init[893]: The key fingerprint is:
[   31.208041] cloud-init[893]: SHA256:/cVIMOKtc9fl5BHfxvHKRksBbrHAgGuAnBgCA2yRIuY root@ubuntu-bionic
[   31.218714] cloud-init[893]: The key's randomart image is:
[   31.225249] cloud-init[893]: +---[RSA 2048]----+
[   31.232259] cloud-init[893]: |X=oo   .oo+ o..o |
[   31.238540] cloud-init[893]: |=*+ . .. o.= o o*|
[   31.244755] cloud-init[893]: |*    . .. . = o.O|
[   31.251679] cloud-init[893]: | E    o  o o B O.|
[   31.260160] cloud-init[893]: |     .  S o o O o|
[   31.267703] cloud-init[893]: |         o o o   |
[   31.275424] cloud-init[893]: |            .    |
[   31.282604] cloud-init[893]: |                 |
[   31.288785] cloud-init[893]: |                 |
[   31.296128] cloud-init[893]: +----[SHA256]-----+
[   31.302006] cloud-init[893]: Generating public/private dsa key pair.
[   31.312107] cloud-init[893]: Your identification has been saved in /etc/ssh/ssh_host_dsa_key.
[   31.323641] cloud-init[893]: Your public key has been saved in /etc/ssh/ssh_host_dsa_key.pub.
[[0;32m  OK  [0m] Started Initial cloud-init job (metadata service crawler).
[   31.334190] cloud-init[893]: The key fingerprint is:
[[0;32m  OK  [0m] Reached target Cloud-config availability.
[[0;32m  OK  [0m] Reached target Network is Online.
[   31.343982] cloud-init[893]: SHA256:Mrm1hFkV1NfdvjXnZtbKheMt6Q1scwhla+64SgTFF78 root@ubuntu-bionic
[   31.375231] cloud-init[893]: The key's randomart image is:
         Starting Availability of block devices...
[[0;32m  OK  [0m] Reached target Remote File Systems (Pre).
[   31.411534] cloud-init[893]: +---[DSA 1024]----+
[[0;32m  OK  [0m] Reached target Remote File Systems.
[   31.431470] cloud-init[893]: |         o=o.. .o|
[[0;32m  OK  [0m] Reached target System Initialization.
[[   31.442339] [0;32m  OK  [0mcloud-init[893]: ] |         o. o.. +|
Listening on cloud-init hotplug hook socket.
[   31.450958] cloud-init[893]: |        o  . .+. |
[   31.471425] cloud-init[893]: |       = .   o ++|
[   31.491806]          cloud-initStarting Socket activation for snappy daemon.[893]: 
|      * S . . Eo*|
[   31.504619] cloud-init[893]: |       * o   =ooB|
         Starting LXD - unix socket.
[   31.519776] cloud-init[893]: |      . . .  oBX.|
[[0;32m  OK  [0m] Listening on UUID daemon activation socket.
[[   31.546504] [0;32m  OK  [0mcloud-init] [893]: Started Daily Cleanup of Temporary Directories.|         .   +*=.|

[[0;32m  OK  [0m] Started ACPI Events Check.
[[0;32m  OK  [0m] Reached target Paths.
[   31.570142] cloud-init[893]: |          ..ooo..|
[[0;32m  OK  [0m] Started Discard unused blocks once a week.
[[   31.587621] [0;32m  OK  [0mcloud-init] [893]: Started Message of the Day.+----[SHA256]-----+

[[0;32m  OK  [0m] Listening on ACPID Listen Socket.
[[0;32m  OK  [0m] Started Ubuntu Advantage Timer for running repeated jobs.
[   31.608925] cloud-init[893]: Generating public/private ecdsa key pair.
[[0;32m  OK  [0m] Listening on D-Bus System Message Bus Socket.
[[   31.637325] [0;32m  OK  [0mcloud-init] [893]: Started Daily apt download activities.Your identification has been saved in /etc/ssh/ssh_host_ecdsa_key.

[[0;32m  OK  [0m] Started Daily apt upgrade and clean activities.
[   31.662796] cloud-init[893]: Your public key has been saved in /etc/ssh/ssh_host_ecdsa_key.pub.
[   31.681286] [cloud-init[0;32m  OK  [0m[893]: The key fingerprint is:
] Reached target Timers.
[[0;32m  OK  [0m] Listening on Open-iSCSI iscsid Socket.
[   31.682190] cloud-init[893]: SHA256:tj/8xzE5vLxmCK273DdaQsZJT+uicBssw0eLvTG2bZk root@ubuntu-bionic
[[0;32m  OK  [0m] Started Availability of block devices.
[[0;32m  OK  [0m] Listening on Socket activation for snappy daemon.
[   31.712400] cloud-init[893]: The key's randomart image is:
[   31.733387] [cloud-init[0;32m  OK  [0m] [893]: Listening on LXD - unix socket.+---[ECDSA 256]---+

[   31.744767] [cloud-init[0;32m  OK  [0m[893]: ] |                 |Reached target Sockets.

[[0;32m  OK  [0m] Reached target Basic System.
         Starting Permit User Sessions...
[[0;32m  OK  [0m] Started D-Bus System Message Bus.
[   31.755020] cloud-init[893]: |                 |
[   31.807661] cloud-init[893]: |            . .  |
[   31.830456] cloud-init[893]: |           o + . |
[   31.838067] cloud-init[893]: |        S ..=.o. |
[   31.844485] cloud-init[893]: |       o *.+..*  |
[   31.851640] cloud-init[893]: |        B.@oo*o= |
[   31.862517] cloud-init[893]: |         X+@E+X  |
[   31.869893] cloud-init[893]: |          X*=*.o |
[   31.876588] cloud-init[893]: +----[SHA256]-----+
[   31.889264] cloud-init[893]: Generating public/private ed25519 key pair.
[   31.897756] cloud-init[893]: Your identification has been saved in /etc/ssh/ssh_host_ed25519_key.
[   31.912171] cloud-init[893]: Your public key has been saved in /etc/ssh/ssh_host_ed25519_key.pub.
[   31.927271] cloud-init[893]: The key fingerprint is:
[   31.935534] cloud-init[893]: SHA256:tvEQ6scD+n2mASklVTPR/Bi5OhQlGdR694Atz5i+bgU root@ubuntu-bionic
[   31.952618] cloud-init[893]: The key's randomart image is:
[   31.960558] cloud-init[893]: +--[ED25519 256]--+
[   31.969452] cloud-init[893]: |      .oOO..     |
[   31.976749] cloud-init[893]: |     .  o+*      |
[   31.984831] cloud-init[893]: |    . . .o B     |
[   31.994663] cloud-init[893]: |     o oo.E =    |
[   32.001601] cloud-init[893]: |    . =.So O o   |
[   32.009548] cloud-init[893]: |     + =o=o + .  |
[   32.015109] cloud-init[893]: |    . . *o..     |
[   32.026845] cloud-init[893]: |     . o o=      |
[   32.037522] cloud-init[893]: |      . o*o.     |
[   32.044918] cloud-init[893]: +----[SHA256]-----+
[[0;32m  OK  [0m] Started Deferred execution scheduler.
         Starting LXD - container startup/shutdown...
         Starting System Logging Service...
         Starting Accounts Service...
         Starting Virtualbox guest utils...
         Starting Dispatcher daemon for systemd-networkd...
[[0;32m  OK  [0m] Started irqbalance daemon.
         Starting Pollinate to seed the pseudo random number generator...
[[0;32m  OK  [0m] Started Regular background program processing daemon.
         Starting Login Service...
         Starting Snap Daemon...
[[0;32m  OK  [0m] Started FUSE filesystem for LXC.
         Starting LSB: automatic crash report generation...
         Starting LSB: Record successful boot for GRUB...
[[0;32m  OK  [0m] Started System Logging Service.
[[0;32m  OK  [0m] Started Permit User Sessions.
         Starting Authorization Manager...
         Starting Hold until boot process finishes up...
         Starting Terminate Plymouth Boot Screen...
[[0;32m  OK  [0m] Started Login Service.
[[0;32m  OK  [0m] Started Hold until boot process finishes up.
[[0;32m  OK  [0m] Started Terminate Plymouth Boot Screen.
[[0;32m  OK  [0m] Started Serial Getty on ttyS0.
         Starting Set console scheme...
[[0;32m  OK  [0m] Started Unattended Upgrades Shutdown.
[[0;32m  OK  [0m] Started LSB: automatic crash report generation.
[[0;32m  OK  [0m] Started Set console scheme.
[[0;32m  OK  [0m] Created slice system-getty.slice.
[[0;32m  OK  [0m] Started Getty on tty1.
[[0;32m  OK  [0m] Reached target Login Prompts.
[   40.119349] do_IRQ: 1.36 No irq handler for vector
[   40.402826] do_IRQ: 1.36 No irq handler for vector
[   40.414127] do_IRQ: 1.36 No irq handler for vector
[   40.423835] do_IRQ: 1.36 No irq handler for vector
[   40.434031] do_IRQ: 1.36 No irq handler for vector
[   40.446026] do_IRQ: 1.36 No irq handler for vector
[   40.456097] do_IRQ: 1.36 No irq handler for vector
[   40.466523] do_IRQ: 1.36 No irq handler for vector
[   40.475953] do_IRQ: 1.36 No irq handler for vector
[   40.486175] do_IRQ: 1.36 No irq handler for vector
